[[1;34mINFO[m] Scanning for projects...
[[1;34mINFO[m] 
[[1;34mINFO[m] [1m-------------------------< [0;36mtn.esprit:backend[0;1m >--------------------------[m
[[1;34mINFO[m] [1mBuilding backend 1.0.0[m
[[1;34mINFO[m] [1m--------------------------------[ jar ]---------------------------------[m
[[1;34mINFO[m] 
[[1;34mINFO[m] [1m--- [0;32mmaven-clean-plugin:3.3.2:clean[m [1m(default-clean)[m @ [36mbackend[0;1m ---[m
[[1;34mINFO[m] Deleting /home/vagrant/DevOps-AppGestionDesProjets/backend/target
[[1;34mINFO[m] 
[[1;34mINFO[m] [1m--- [0;32mjacoco-maven-plugin:0.8.13:prepare-agent[m [1m(prepare-agent)[m @ [36mbackend[0;1m ---[m
[[1;34mINFO[m] argLine set to -javaagent:/home/vagrant/.m2/repository/org/jacoco/org.jacoco.agent/0.8.13/org.jacoco.agent-0.8.13-runtime.jar=destfile=/home/vagrant/DevOps-AppGestionDesProjets/backend/target/jacoco.exec
[[1;34mINFO[m] 
[[1;34mINFO[m] [1m--- [0;32mmaven-resources-plugin:3.3.1:resources[m [1m(default-resources)[m @ [36mbackend[0;1m ---[m
[[1;34mINFO[m] Copying 1 resource from src/main/resources to target/classes
[[1;34mINFO[m] Copying 0 resource from src/main/resources to target/classes
[[1;34mINFO[m] 
[[1;34mINFO[m] [1m--- [0;32mmaven-compiler-plugin:3.13.0:compile[m [1m(default-compile)[m @ [36mbackend[0;1m ---[m
[[1;34mINFO[m] Recompiling the module because of [1mchanged source code[m.
[[1;34mINFO[m] Compiling 21 source files with javac [debug parameters release 17] to target/classes
[[1;34mINFO[m] -------------------------------------------------------------
[[1;33mWARNING[m] COMPILATION WARNING : 
[[1;34mINFO[m] -------------------------------------------------------------
[[1;33mWARNING[m] /home/vagrant/DevOps-AppGestionDesProjets/backend/src/main/java/tn/esprit/backend/entity/Entreprise.java:[25,26] @Builder will ignore the initializing expression entirely. If you want the initializing expression to serve as default, add @Builder.Default. If it is not supposed to be settable during building, make the field final.
[[1;33mWARNING[m] /home/vagrant/DevOps-AppGestionDesProjets/backend/src/main/java/tn/esprit/backend/entity/Equipe.java:[28,26] @Builder will ignore the initializing expression entirely. If you want the initializing expression to serve as default, add @Builder.Default. If it is not supposed to be settable during building, make the field final.
[[1;33mWARNING[m] /home/vagrant/DevOps-AppGestionDesProjets/backend/src/main/java/tn/esprit/backend/entity/Projet.java:[23,26] @Builder will ignore the initializing expression entirely. If you want the initializing expression to serve as default, add @Builder.Default. If it is not supposed to be settable during building, make the field final.
[[1;33mWARNING[m] /home/vagrant/DevOps-AppGestionDesProjets/backend/src/main/java/tn/esprit/backend/entity/Projet.java:[27,34] @Builder will ignore the initializing expression entirely. If you want the initializing expression to serve as default, add @Builder.Default. If it is not supposed to be settable during building, make the field final.
[[1;34mINFO[m] 4 warnings 
[[1;34mINFO[m] -------------------------------------------------------------
[[1;34mINFO[m] -------------------------------------------------------------
[[1;31mERROR[m] COMPILATION ERROR : 
[[1;34mINFO[m] -------------------------------------------------------------
[[1;31mERROR[m] /home/vagrant/DevOps-AppGestionDesProjets/backend/src/main/java/tn/esprit/backend/controller/EntrepriseController.java:[3,14] package lombok does not exist
[[1;31mERROR[m] /home/vagrant/DevOps-AppGestionDesProjets/backend/src/main/java/tn/esprit/backend/controller/EntrepriseController.java:[12,2] cannot find symbol
  symbol: class AllArgsConstructor
[[1;31mERROR[m] /home/vagrant/DevOps-AppGestionDesProjets/backend/src/main/java/tn/esprit/backend/entity/Entreprise.java:[12,2] cannot find symbol
  symbol: class Getter
[[1;31mERROR[m] /home/vagrant/DevOps-AppGestionDesProjets/backend/src/main/java/tn/esprit/backend/entity/Entreprise.java:[12,10] cannot find symbol
  symbol: class Setter
[[1;31mERROR[m] /home/vagrant/DevOps-AppGestionDesProjets/backend/src/main/java/tn/esprit/backend/entity/Entreprise.java:[12,18] cannot find symbol
  symbol: class NoArgsConstructor
[[1;31mERROR[m] /home/vagrant/DevOps-AppGestionDesProjets/backend/src/main/java/tn/esprit/backend/entity/Entreprise.java:[12,37] cannot find symbol
  symbol: class AllArgsConstructor
[[1;31mERROR[m] /home/vagrant/DevOps-AppGestionDesProjets/backend/src/main/java/tn/esprit/backend/entity/Entreprise.java:[12,57] cannot find symbol
  symbol: class Builder
[[1;31mERROR[m] /home/vagrant/DevOps-AppGestionDesProjets/backend/src/main/java/tn/esprit/backend/entity/Equipe.java:[12,2] cannot find symbol
  symbol: class Getter
[[1;31mERROR[m] /home/vagrant/DevOps-AppGestionDesProjets/backend/src/main/java/tn/esprit/backend/entity/Equipe.java:[12,10] cannot find symbol
  symbol: class Setter
[[1;31mERROR[m] /home/vagrant/DevOps-AppGestionDesProjets/backend/src/main/java/tn/esprit/backend/entity/Equipe.java:[12,18] cannot find symbol
  symbol: class NoArgsConstructor
[[1;31mERROR[m] /home/vagrant/DevOps-AppGestionDesProjets/backend/src/main/java/tn/esprit/backend/entity/Equipe.java:[12,37] cannot find symbol
  symbol: class AllArgsConstructor
[[1;31mERROR[m] /home/vagrant/DevOps-AppGestionDesProjets/backend/src/main/java/tn/esprit/backend/entity/Equipe.java:[12,57] cannot find symbol
  symbol: class Builder
[[1;31mERROR[m] /home/vagrant/DevOps-AppGestionDesProjets/backend/src/main/java/tn/esprit/backend/entity/Entreprise.java:[12,56] package lombok does not exist
[[1;31mERROR[m] /home/vagrant/DevOps-AppGestionDesProjets/backend/src/main/java/tn/esprit/backend/entity/Projet.java:[12,2] cannot find symbol
  symbol: class Getter
[[1;31mERROR[m] /home/vagrant/DevOps-AppGestionDesProjets/backend/src/main/java/tn/esprit/backend/entity/Projet.java:[12,10] cannot find symbol
  symbol: class Setter
[[1;31mERROR[m] /home/vagrant/DevOps-AppGestionDesProjets/backend/src/main/java/tn/esprit/backend/entity/Projet.java:[12,18] cannot find symbol
  symbol: class NoArgsConstructor
[[1;31mERROR[m] /home/vagrant/DevOps-AppGestionDesProjets/backend/src/main/java/tn/esprit/backend/entity/Projet.java:[12,37] cannot find symbol
  symbol: class AllArgsConstructor
[[1;31mERROR[m] /home/vagrant/DevOps-AppGestionDesProjets/backend/src/main/java/tn/esprit/backend/entity/Projet.java:[12,57] cannot find symbol
  symbol: class Builder
[[1;31mERROR[m] /home/vagrant/DevOps-AppGestionDesProjets/backend/src/main/java/tn/esprit/backend/entity/Equipe.java:[12,56] package lombok does not exist
[[1;31mERROR[m] /home/vagrant/DevOps-AppGestionDesProjets/backend/src/main/java/tn/esprit/backend/entity/ProjetDetaille.java:[11,2] cannot find symbol
  symbol: class Getter
[[1;31mERROR[m] /home/vagrant/DevOps-AppGestionDesProjets/backend/src/main/java/tn/esprit/backend/entity/ProjetDetaille.java:[11,10] cannot find symbol
  symbol: class Setter
[[1;31mERROR[m] /home/vagrant/DevOps-AppGestionDesProjets/backend/src/main/java/tn/esprit/backend/entity/ProjetDetaille.java:[11,18] cannot find symbol
  symbol: class NoArgsConstructor
[[1;31mERROR[m] /home/vagrant/DevOps-AppGestionDesProjets/backend/src/main/java/tn/esprit/backend/entity/ProjetDetaille.java:[11,37] cannot find symbol
  symbol: class AllArgsConstructor
[[1;31mERROR[m] /home/vagrant/DevOps-AppGestionDesProjets/backend/src/main/java/tn/esprit/backend/entity/ProjetDetaille.java:[11,57] cannot find symbol
  symbol: class Builder
[[1;31mERROR[m] /home/vagrant/DevOps-AppGestionDesProjets/backend/src/main/java/tn/esprit/backend/entity/Projet.java:[12,56] package lombok does not exist
[[1;31mERROR[m] /home/vagrant/DevOps-AppGestionDesProjets/backend/src/main/java/tn/esprit/backend/entity/ProjetDetaille.java:[11,56] package lombok does not exist
[[1;31mERROR[m] /home/vagrant/DevOps-AppGestionDesProjets/backend/src/main/java/tn/esprit/backend/entity/Entreprise.java:[5,8] package lombok does not exist
[[1;31mERROR[m] /home/vagrant/DevOps-AppGestionDesProjets/backend/src/main/java/tn/esprit/backend/entity/Equipe.java:[5,8] package lombok does not exist
[[1;31mERROR[m] /home/vagrant/DevOps-AppGestionDesProjets/backend/src/main/java/tn/esprit/backend/entity/Projet.java:[5,8] package lombok does not exist
[[1;31mERROR[m] /home/vagrant/DevOps-AppGestionDesProjets/backend/src/main/java/tn/esprit/backend/entity/ProjetDetaille.java:[5,8] package lombok does not exist
[[1;31mERROR[m] /home/vagrant/DevOps-AppGestionDesProjets/backend/src/main/java/tn/esprit/backend/controller/EquipeController.java:[3,14] package lombok does not exist
[[1;31mERROR[m] /home/vagrant/DevOps-AppGestionDesProjets/backend/src/main/java/tn/esprit/backend/controller/EquipeController.java:[12,2] cannot find symbol
  symbol: class AllArgsConstructor
[[1;31mERROR[m] /home/vagrant/DevOps-AppGestionDesProjets/backend/src/main/java/tn/esprit/backend/controller/ProjetController.java:[3,14] package lombok does not exist
[[1;31mERROR[m] /home/vagrant/DevOps-AppGestionDesProjets/backend/src/main/java/tn/esprit/backend/controller/ProjetController.java:[12,2] cannot find symbol
  symbol: class AllArgsConstructor
[[1;31mERROR[m] /home/vagrant/DevOps-AppGestionDesProjets/backend/src/main/java/tn/esprit/backend/controller/ProjetDetailleController.java:[3,14] package lombok does not exist
[[1;31mERROR[m] /home/vagrant/DevOps-AppGestionDesProjets/backend/src/main/java/tn/esprit/backend/controller/ProjetDetailleController.java:[12,2] cannot find symbol
  symbol: class AllArgsConstructor
[[1;31mERROR[m] /home/vagrant/DevOps-AppGestionDesProjets/backend/src/main/java/tn/esprit/backend/service/impl/EntrepriseServiceImpl.java:[3,14] package lombok does not exist
[[1;31mERROR[m] /home/vagrant/DevOps-AppGestionDesProjets/backend/src/main/java/tn/esprit/backend/service/impl/EntrepriseServiceImpl.java:[12,2] cannot find symbol
  symbol: class AllArgsConstructor
[[1;31mERROR[m] /home/vagrant/DevOps-AppGestionDesProjets/backend/src/main/java/tn/esprit/backend/service/impl/EquipeServiceImpl.java:[3,14] package lombok does not exist
[[1;31mERROR[m] /home/vagrant/DevOps-AppGestionDesProjets/backend/src/main/java/tn/esprit/backend/service/impl/EquipeServiceImpl.java:[16,2] cannot find symbol
  symbol: class AllArgsConstructor
[[1;31mERROR[m] /home/vagrant/DevOps-AppGestionDesProjets/backend/src/main/java/tn/esprit/backend/service/impl/ProjetDetailleServiceImpl.java:[3,14] package lombok does not exist
[[1;31mERROR[m] /home/vagrant/DevOps-AppGestionDesProjets/backend/src/main/java/tn/esprit/backend/service/impl/ProjetDetailleServiceImpl.java:[14,2] cannot find symbol
  symbol: class AllArgsConstructor
[[1;31mERROR[m] /home/vagrant/DevOps-AppGestionDesProjets/backend/src/main/java/tn/esprit/backend/service/impl/ProjetServiceImpl.java:[3,14] package lombok does not exist
[[1;31mERROR[m] /home/vagrant/DevOps-AppGestionDesProjets/backend/src/main/java/tn/esprit/backend/service/impl/ProjetServiceImpl.java:[12,2] cannot find symbol
  symbol: class AllArgsConstructor
[[1;31mERROR[m] /home/vagrant/DevOps-AppGestionDesProjets/backend/src/main/java/tn/esprit/backend/controller/EntrepriseController.java:[12,1] package lombok does not exist
[[1;31mERROR[m] /home/vagrant/DevOps-AppGestionDesProjets/backend/src/main/java/tn/esprit/backend/entity/Entreprise.java:[17,18] package lombok does not exist
[[1;31mERROR[m] /home/vagrant/DevOps-AppGestionDesProjets/backend/src/main/java/tn/esprit/backend/entity/Entreprise.java:[19,20] package lombok does not exist
[[1;31mERROR[m] /home/vagrant/DevOps-AppGestionDesProjets/backend/src/main/java/tn/esprit/backend/entity/Entreprise.java:[21,20] package lombok does not exist
[[1;31mERROR[m] /home/vagrant/DevOps-AppGestionDesProjets/backend/src/main/java/tn/esprit/backend/entity/Entreprise.java:[25,26] package lombok does not exist
[[1;31mERROR[m] /home/vagrant/DevOps-AppGestionDesProjets/backend/src/main/java/tn/esprit/backend/entity/Entreprise.java:[12,9] package lombok does not exist
[[1;31mERROR[m] /home/vagrant/DevOps-AppGestionDesProjets/backend/src/main/java/tn/esprit/backend/entity/Entreprise.java:[12,17] package lombok does not exist
[[1;31mERROR[m] /home/vagrant/DevOps-AppGestionDesProjets/backend/src/main/java/tn/esprit/backend/entity/Entreprise.java:[12,36] package lombok does not exist
[[1;31mERROR[m] /home/vagrant/DevOps-AppGestionDesProjets/backend/src/main/java/tn/esprit/backend/entity/Equipe.java:[17,18] package lombok does not exist
[[1;31mERROR[m] /home/vagrant/DevOps-AppGestionDesProjets/backend/src/main/java/tn/esprit/backend/entity/Equipe.java:[19,20] package lombok does not exist
[[1;31mERROR[m] /home/vagrant/DevOps-AppGestionDesProjets/backend/src/main/java/tn/esprit/backend/entity/Equipe.java:[21,20] package lombok does not exist
[[1;31mERROR[m] /home/vagrant/DevOps-AppGestionDesProjets/backend/src/main/java/tn/esprit/backend/entity/Equipe.java:[24,24] package lombok does not exist
[[1;31mERROR[m] /home/vagrant/DevOps-AppGestionDesProjets/backend/src/main/java/tn/esprit/backend/entity/Equipe.java:[28,26] package lombok does not exist
[[1;31mERROR[m] /home/vagrant/DevOps-AppGestionDesProjets/backend/src/main/java/tn/esprit/backend/entity/Equipe.java:[12,9] package lombok does not exist
[[1;31mERROR[m] /home/vagrant/DevOps-AppGestionDesProjets/backend/src/main/java/tn/esprit/backend/entity/Equipe.java:[12,17] package lombok does not exist
[[1;31mERROR[m] /home/vagrant/DevOps-AppGestionDesProjets/backend/src/main/java/tn/esprit/backend/entity/Equipe.java:[12,36] package lombok does not exist
[[1;31mERROR[m] /home/vagrant/DevOps-AppGestionDesProjets/backend/src/main/java/tn/esprit/backend/entity/Projet.java:[17,18] package lombok does not exist
[[1;31mERROR[m] /home/vagrant/DevOps-AppGestionDesProjets/backend/src/main/java/tn/esprit/backend/entity/Projet.java:[19,20] package lombok does not exist
[[1;31mERROR[m] /home/vagrant/DevOps-AppGestionDesProjets/backend/src/main/java/tn/esprit/backend/entity/Projet.java:[23,26] package lombok does not exist
[[1;31mERROR[m] /home/vagrant/DevOps-AppGestionDesProjets/backend/src/main/java/tn/esprit/backend/entity/Projet.java:[27,34] package lombok does not exist
[[1;31mERROR[m] /home/vagrant/DevOps-AppGestionDesProjets/backend/src/main/java/tn/esprit/backend/entity/Projet.java:[12,9] package lombok does not exist
[[1;31mERROR[m] /home/vagrant/DevOps-AppGestionDesProjets/backend/src/main/java/tn/esprit/backend/entity/Projet.java:[12,17] package lombok does not exist
[[1;31mERROR[m] /home/vagrant/DevOps-AppGestionDesProjets/backend/src/main/java/tn/esprit/backend/entity/Projet.java:[12,36] package lombok does not exist
[[1;31mERROR[m] /home/vagrant/DevOps-AppGestionDesProjets/backend/src/main/java/tn/esprit/backend/entity/ProjetDetaille.java:[16,18] package lombok does not exist
[[1;31mERROR[m] /home/vagrant/DevOps-AppGestionDesProjets/backend/src/main/java/tn/esprit/backend/entity/ProjetDetaille.java:[18,20] package lombok does not exist
[[1;31mERROR[m] /home/vagrant/DevOps-AppGestionDesProjets/backend/src/main/java/tn/esprit/backend/entity/ProjetDetaille.java:[20,20] package lombok does not exist
[[1;31mERROR[m] /home/vagrant/DevOps-AppGestionDesProjets/backend/src/main/java/tn/esprit/backend/entity/ProjetDetaille.java:[22,20] package lombok does not exist
[[1;31mERROR[m] /home/vagrant/DevOps-AppGestionDesProjets/backend/src/main/java/tn/esprit/backend/entity/ProjetDetaille.java:[24,23] package lombok does not exist
[[1;31mERROR[m] /home/vagrant/DevOps-AppGestionDesProjets/backend/src/main/java/tn/esprit/backend/entity/ProjetDetaille.java:[28,20] package lombok does not exist
[[1;31mERROR[m] /home/vagrant/DevOps-AppGestionDesProjets/backend/src/main/java/tn/esprit/backend/entity/ProjetDetaille.java:[11,9] package lombok does not exist
[[1;31mERROR[m] /home/vagrant/DevOps-AppGestionDesProjets/backend/src/main/java/tn/esprit/backend/entity/ProjetDetaille.java:[11,17] package lombok does not exist
[[1;31mERROR[m] /home/vagrant/DevOps-AppGestionDesProjets/backend/src/main/java/tn/esprit/backend/entity/ProjetDetaille.java:[11,36] package lombok does not exist
[[1;31mERROR[m] /home/vagrant/DevOps-AppGestionDesProjets/backend/src/main/java/tn/esprit/backend/controller/EquipeController.java:[12,1] package lombok does not exist
[[1;31mERROR[m] /home/vagrant/DevOps-AppGestionDesProjets/backend/src/main/java/tn/esprit/backend/controller/ProjetController.java:[12,1] package lombok does not exist
[[1;31mERROR[m] /home/vagrant/DevOps-AppGestionDesProjets/backend/src/main/java/tn/esprit/backend/controller/ProjetDetailleController.java:[12,1] package lombok does not exist
[[1;31mERROR[m] /home/vagrant/DevOps-AppGestionDesProjets/backend/src/main/java/tn/esprit/backend/service/impl/EntrepriseServiceImpl.java:[12,1] package lombok does not exist
[[1;31mERROR[m] /home/vagrant/DevOps-AppGestionDesProjets/backend/src/main/java/tn/esprit/backend/service/impl/EquipeServiceImpl.java:[16,1] package lombok does not exist
[[1;31mERROR[m] /home/vagrant/DevOps-AppGestionDesProjets/backend/src/main/java/tn/esprit/backend/service/impl/ProjetDetailleServiceImpl.java:[14,1] package lombok does not exist
[[1;31mERROR[m] /home/vagrant/DevOps-AppGestionDesProjets/backend/src/main/java/tn/esprit/backend/service/impl/ProjetServiceImpl.java:[12,1] package lombok does not exist
[[1;34mINFO[m] 83 errors 
[[1;34mINFO[m] -------------------------------------------------------------
[[1;34mINFO[m] [1m------------------------------------------------------------------------[m
[[1;34mINFO[m] [1;31mBUILD FAILURE[m
[[1;34mINFO[m] [1m------------------------------------------------------------------------[m
[[1;34mINFO[m] Total time:  14.523 s
[[1;34mINFO[m] Finished at: 2026-10-05T17:14:29Z
[[1;34mINFO[m] [1m------------------------------------------------------------------------[m
[[1;31mERROR[m] Failed to execute goal [32morg.apache.maven.plugins:maven-compiler-plugin:3.13.0:compile[m [1m(default-compile)[m on project [36mbackend[m: [1;31mCompilation failure[m: Compilation failure: 
[[1;31mERROR[m] /home/vagrant/DevOps-AppGestionDesProjets/backend/src/main/java/tn/esprit/backend/controller/EntrepriseController.java:[3,14] package lombok does not exist
[[1;31mERROR[m] /home/vagrant/DevOps-AppGestionDesProjets/backend/src/main/java/tn/esprit/backend/controller/EntrepriseController.java:[12,2] cannot find symbol
[[1;31mERROR[m]   symbol: class AllArgsConstructor
[[1;31mERROR[m] /home/vagrant/DevOps-AppGestionDesProjets/backend/src/main/java/tn/esprit/backend/entity/Entreprise.java:[12,2] cannot find symbol
[[1;31mERROR[m]   symbol: class Getter
[[1;31mERROR[m] /home/vagrant/DevOps-AppGestionDesProjets/backend/src/main/java/tn/esprit/backend/entity/Entreprise.java:[12,10] cannot find symbol
[[1;31mERROR[m]   symbol: class Setter
[[1;31mERROR[m] /home/vagrant/DevOps-AppGestionDesProjets/backend/src/main/java/tn/esprit/backend/entity/Entreprise.java:[12,18] cannot find symbol
[[1;31mERROR[m]   symbol: class NoArgsConstructor
[[1;31mERROR[m] /home/vagrant/DevOps-AppGestionDesProjets/backend/src/main/java/tn/esprit/backend/entity/Entreprise.java:[12,37] cannot find symbol
[[1;31mERROR[m]   symbol: class AllArgsConstructor
[[1;31mERROR[m] /home/vagrant/DevOps-AppGestionDesProjets/backend/src/main/java/tn/esprit/backend/entity/Entreprise.java:[12,57] cannot find symbol
[[1;31mERROR[m]   symbol: class Builder
[[1;31mERROR[m] /home/vagrant/DevOps-AppGestionDesProjets/backend/src/main/java/tn/esprit/backend/entity/Equipe.java:[12,2] cannot find symbol
[[1;31mERROR[m]   symbol: class Getter
[[1;31mERROR[m] /home/vagrant/DevOps-AppGestionDesProjets/backend/src/main/java/tn/esprit/backend/entity/Equipe.java:[12,10] cannot find symbol
[[1;31mERROR[m]   symbol: class Setter
[[1;31mERROR[m] /home/vagrant/DevOps-AppGestionDesProjets/backend/src/main/java/tn/esprit/backend/entity/Equipe.java:[12,18] cannot find symbol
[[1;31mERROR[m]   symbol: class NoArgsConstructor
[[1;31mERROR[m] /home/vagrant/DevOps-AppGestionDesProjets/backend/src/main/java/tn/esprit/backend/entity/Equipe.java:[12,37] cannot find symbol
[[1;31mERROR[m]   symbol: class AllArgsConstructor
[[1;31mERROR[m] /home/vagrant/DevOps-AppGestionDesProjets/backend/src/main/java/tn/esprit/backend/entity/Equipe.java:[12,57] cannot find symbol
[[1;31mERROR[m]   symbol: class Builder
[[1;31mERROR[m] /home/vagrant/DevOps-AppGestionDesProjets/backend/src/main/java/tn/esprit/backend/entity/Entreprise.java:[12,56] package lombok does not exist
[[1;31mERROR[m] /home/vagrant/DevOps-AppGestionDesProjets/backend/src/main/java/tn/esprit/backend/entity/Projet.java:[12,2] cannot find symbol
[[1;31mERROR[m]   symbol: class Getter
[[1;31mERROR[m] /home/vagrant/DevOps-AppGestionDesProjets/backend/src/main/java/tn/esprit/backend/entity/Projet.java:[12,10] cannot find symbol
[[1;31mERROR[m]   symbol: class Setter
[[1;31mERROR[m] /home/vagrant/DevOps-AppGestionDesProjets/backend/src/main/java/tn/esprit/backend/entity/Projet.java:[12,18] cannot find symbol
[[1;31mERROR[m]   symbol: class NoArgsConstructor
[[1;31mERROR[m] /home/vagrant/DevOps-AppGestionDesProjets/backend/src/main/java/tn/esprit/backend/entity/Projet.java:[12,37] cannot find symbol
[[1;31mERROR[m]   symbol: class AllArgsConstructor
[[1;31mERROR[m] /home/vagrant/DevOps-AppGestionDesProjets/backend/src/main/java/tn/esprit/backend/entity/Projet.java:[12,57] cannot find symbol
[[1;31mERROR[m]   symbol: class Builder
[[1;31mERROR[m] /home/vagrant/DevOps-AppGestionDesProjets/backend/src/main/java/tn/esprit/backend/entity/Equipe.java:[12,56] package lombok does not exist
[[1;31mERROR[m] /home/vagrant/DevOps-AppGestionDesProjets/backend/src/main/java/tn/esprit/backend/entity/ProjetDetaille.java:[11,2] cannot find symbol
[[1;31mERROR[m]   symbol: class Getter
[[1;31mERROR[m] /home/vagrant/DevOps-AppGestionDesProjets/backend/src/main/java/tn/esprit/backend/entity/ProjetDetaille.java:[11,10] cannot find symbol
[[1;31mERROR[m]   symbol: class Setter
[[1;31mERROR[m] /home/vagrant/DevOps-AppGestionDesProjets/backend/src/main/java/tn/esprit/backend/entity/ProjetDetaille.java:[11,18] cannot find symbol
[[1;31mERROR[m]   symbol: class NoArgsConstructor
[[1;31mERROR[m] /home/vagrant/DevOps-AppGestionDesProjets/backend/src/main/java/tn/esprit/backend/entity/ProjetDetaille.java:[11,37] cannot find symbol
[[1;31mERROR[m]   symbol: class AllArgsConstructor
[[1;31mERROR[m] /home/vagrant/DevOps-AppGestionDesProjets/backend/src/main/java/tn/esprit/backend/entity/ProjetDetaille.java:[11,57] cannot find symbol
[[1;31mERROR[m]   symbol: class Builder
[[1;31mERROR[m] /home/vagrant/DevOps-AppGestionDesProjets/backend/src/main/java/tn/esprit/backend/entity/Projet.java:[12,56] package lombok does not exist
[[1;31mERROR[m] /home/vagrant/DevOps-AppGestionDesProjets/backend/src/main/java/tn/esprit/backend/entity/ProjetDetaille.java:[11,56] package lombok does not exist
[[1;31mERROR[m] /home/vagrant/DevOps-AppGestionDesProjets/backend/src/main/java/tn/esprit/backend/entity/Entreprise.java:[5,8] package lombok does not exist
[[1;31mERROR[m] /home/vagrant/DevOps-AppGestionDesProjets/backend/src/main/java/tn/esprit/backend/entity/Equipe.java:[5,8] package lombok does not exist
[[1;31mERROR[m] /home/vagrant/DevOps-AppGestionDesProjets/backend/src/main/java/tn/esprit/backend/entity/Projet.java:[5,8] package lombok does not exist
[[1;31mERROR[m] /home/vagrant/DevOps-AppGestionDesProjets/backend/src/main/java/tn/esprit/backend/entity/ProjetDetaille.java:[5,8] package lombok does not exist
[[1;31mERROR[m] /home/vagrant/DevOps-AppGestionDesProjets/backend/src/main/java/tn/esprit/backend/controller/EquipeController.java:[3,14] package lombok does not exist
[[1;31mERROR[m] /home/vagrant/DevOps-AppGestionDesProjets/backend/src/main/java/tn/esprit/backend/controller/EquipeController.java:[12,2] cannot find symbol
[[1;31mERROR[m]   symbol: class AllArgsConstructor
[[1;31mERROR[m] /home/vagrant/DevOps-AppGestionDesProjets/backend/src/main/java/tn/esprit/backend/controller/ProjetController.java:[3,14] package lombok does not exist
[[1;31mERROR[m] /home/vagrant/DevOps-AppGestionDesProjets/backend/src/main/java/tn/esprit/backend/controller/ProjetController.java:[12,2] cannot find symbol
[[1;31mERROR[m]   symbol: class AllArgsConstructor
[[1;31mERROR[m] /home/vagrant/DevOps-AppGestionDesProjets/backend/src/main/java/tn/esprit/backend/controller/ProjetDetailleController.java:[3,14] package lombok does not exist
[[1;31mERROR[m] /home/vagrant/DevOps-AppGestionDesProjets/backend/src/main/java/tn/esprit/backend/controller/ProjetDetailleController.java:[12,2] cannot find symbol
[[1;31mERROR[m]   symbol: class AllArgsConstructor
[[1;31mERROR[m] /home/vagrant/DevOps-AppGestionDesProjets/backend/src/main/java/tn/esprit/backend/service/impl/EntrepriseServiceImpl.java:[3,14] package lombok does not exist
[[1;31mERROR[m] /home/vagrant/DevOps-AppGestionDesProjets/backend/src/main/java/tn/esprit/backend/service/impl/EntrepriseServiceImpl.java:[12,2] cannot find symbol
[[1;31mERROR[m]   symbol: class AllArgsConstructor
[[1;31mERROR[m] /home/vagrant/DevOps-AppGestionDesProjets/backend/src/main/java/tn/esprit/backend/service/impl/EquipeServiceImpl.java:[3,14] package lombok does not exist
[[1;31mERROR[m] /home/vagrant/DevOps-AppGestionDesProjets/backend/src/main/java/tn/esprit/backend/service/impl/EquipeServiceImpl.java:[16,2] cannot find symbol
[[1;31mERROR[m]   symbol: class AllArgsConstructor
[[1;31mERROR[m] /home/vagrant/DevOps-AppGestionDesProjets/backend/src/main/java/tn/esprit/backend/service/impl/ProjetDetailleServiceImpl.java:[3,14] package lombok does not exist
[[1;31mERROR[m] /home/vagrant/DevOps-AppGestionDesProjets/backend/src/main/java/tn/esprit/backend/service/impl/ProjetDetailleServiceImpl.java:[14,2] cannot find symbol
[[1;31mERROR[m]   symbol: class AllArgsConstructor
[[1;31mERROR[m] /home/vagrant/DevOps-AppGestionDesProjets/backend/src/main/java/tn/esprit/backend/service/impl/ProjetServiceImpl.java:[3,14] package lombok does not exist
[[1;31mERROR[m] /home/vagrant/DevOps-AppGestionDesProjets/backend/src/main/java/tn/esprit/backend/service/impl/ProjetServiceImpl.java:[12,2] cannot find symbol
[[1;31mERROR[m]   symbol: class AllArgsConstructor
[[1;31mERROR[m] /home/vagrant/DevOps-AppGestionDesProjets/backend/src/main/java/tn/esprit/backend/controller/EntrepriseController.java:[12,1] package lombok does not exist
[[1;31mERROR[m] /home/vagrant/DevOps-AppGestionDesProjets/backend/src/main/java/tn/esprit/backend/entity/Entreprise.java:[17,18] package lombok does not exist
[[1;31mERROR[m] /home/vagrant/DevOps-AppGestionDesProjets/backend/src/main/java/tn/esprit/backend/entity/Entreprise.java:[19,20] package lombok does not exist
[[1;31mERROR[m] /home/vagrant/DevOps-AppGestionDesProjets/backend/src/main/java/tn/esprit/backend/entity/Entreprise.java:[21,20] package lombok does not exist
[[1;31mERROR[m] /home/vagrant/DevOps-AppGestionDesProjets/backend/src/main/java/tn/esprit/backend/entity/Entreprise.java:[25,26] package lombok does not exist
[[1;31mERROR[m] /home/vagrant/DevOps-AppGestionDesProjets/backend/src/main/java/tn/esprit/backend/entity/Entreprise.java:[12,9] package lombok does not exist
[[1;31mERROR[m] /home/vagrant/DevOps-AppGestionDesProjets/backend/src/main/java/tn/esprit/backend/entity/Entreprise.java:[12,17] package lombok does not exist
[[1;31mERROR[m] /home/vagrant/DevOps-AppGestionDesProjets/backend/src/main/java/tn/esprit/backend/entity/Entreprise.java:[12,36] package lombok does not exist
[[1;31mERROR[m] /home/vagrant/DevOps-AppGestionDesProjets/backend/src/main/java/tn/esprit/backend/entity/Equipe.java:[17,18] package lombok does not exist
[[1;31mERROR[m] /home/vagrant/DevOps-AppGestionDesProjets/backend/src/main/java/tn/esprit/backend/entity/Equipe.java:[19,20] package lombok does not exist
[[1;31mERROR[m] /home/vagrant/DevOps-AppGestionDesProjets/backend/src/main/java/tn/esprit/backend/entity/Equipe.java:[21,20] package lombok does not exist
[[1;31mERROR[m] /home/vagrant/DevOps-AppGestionDesProjets/backend/src/main/java/tn/esprit/backend/entity/Equipe.java:[24,24] package lombok does not exist
[[1;31mERROR[m] /home/vagrant/DevOps-AppGestionDesProjets/backend/src/main/java/tn/esprit/backend/entity/Equipe.java:[28,26] package lombok does not exist
[[1;31mERROR[m] /home/vagrant/DevOps-AppGestionDesProjets/backend/src/main/java/tn/esprit/backend/entity/Equipe.java:[12,9] package lombok does not exist
[[1;31mERROR[m] /home/vagrant/DevOps-AppGestionDesProjets/backend/src/main/java/tn/esprit/backend/entity/Equipe.java:[12,17] package lombok does not exist
[[1;31mERROR[m] /home/vagrant/DevOps-AppGestionDesProjets/backend/src/main/java/tn/esprit/backend/entity/Equipe.java:[12,36] package lombok does not exist
[[1;31mERROR[m] /home/vagrant/DevOps-AppGestionDesProjets/backend/src/main/java/tn/esprit/backend/entity/Projet.java:[17,18] package lombok does not exist
[[1;31mERROR[m] /home/vagrant/DevOps-AppGestionDesProjets/backend/src/main/java/tn/esprit/backend/entity/Projet.java:[19,20] package lombok does not exist
[[1;31mERROR[m] /home/vagrant/DevOps-AppGestionDesProjets/backend/src/main/java/tn/esprit/backend/entity/Projet.java:[23,26] package lombok does not exist
[[1;31mERROR[m] /home/vagrant/DevOps-AppGestionDesProjets/backend/src/main/java/tn/esprit/backend/entity/Projet.java:[27,34] package lombok does not exist
[[1;31mERROR[m] /home/vagrant/DevOps-AppGestionDesProjets/backend/src/main/java/tn/esprit/backend/entity/Projet.java:[12,9] package lombok does not exist
[[1;31mERROR[m] /home/vagrant/DevOps-AppGestionDesProjets/backend/src/main/java/tn/esprit/backend/entity/Projet.java:[12,17] package lombok does not exist
[[1;31mERROR[m] /home/vagrant/DevOps-AppGestionDesProjets/backend/src/main/java/tn/esprit/backend/entity/Projet.java:[12,36] package lombok does not exist
[[1;31mERROR[m] /home/vagrant/DevOps-AppGestionDesProjets/backend/src/main/java/tn/esprit/backend/entity/ProjetDetaille.java:[16,18] package lombok does not exist
[[1;31mERROR[m] /home/vagrant/DevOps-AppGestionDesProjets/backend/src/main/java/tn/esprit/backend/entity/ProjetDetaille.java:[18,20] package lombok does not exist
[[1;31mERROR[m] /home/vagrant/DevOps-AppGestionDesProjets/backend/src/main/java/tn/esprit/backend/entity/ProjetDetaille.java:[20,20] package lombok does not exist
[[1;31mERROR[m] /home/vagrant/DevOps-AppGestionDesProjets/backend/src/main/java/tn/esprit/backend/entity/ProjetDetaille.java:[22,20] package lombok does not exist
[[1;31mERROR[m] /home/vagrant/DevOps-AppGestionDesProjets/backend/src/main/java/tn/esprit/backend/entity/ProjetDetaille.java:[24,23] package lombok does not exist
[[1;31mERROR[m] /home/vagrant/DevOps-AppGestionDesProjets/backend/src/main/java/tn/esprit/backend/entity/ProjetDetaille.java:[28,20] package lombok does not exist
[[1;31mERROR[m] /home/vagrant/DevOps-AppGestionDesProjets/backend/src/main/java/tn/esprit/backend/entity/ProjetDetaille.java:[11,9] package lombok does not exist
[[1;31mERROR[m] /home/vagrant/DevOps-AppGestionDesProjets/backend/src/main/java/tn/esprit/backend/entity/ProjetDetaille.java:[11,17] package lombok does not exist
[[1;31mERROR[m] /home/vagrant/DevOps-AppGestionDesProjets/backend/src/main/java/tn/esprit/backend/entity/ProjetDetaille.java:[11,36] package lombok does not exist
[[1;31mERROR[m] /home/vagrant/DevOps-AppGestionDesProjets/backend/src/main/java/tn/esprit/backend/controller/EquipeController.java:[12,1] package lombok does not exist
[[1;31mERROR[m] /home/vagrant/DevOps-AppGestionDesProjets/backend/src/main/java/tn/esprit/backend/controller/ProjetController.java:[12,1] package lombok does not exist
[[1;31mERROR[m] /home/vagrant/DevOps-AppGestionDesProjets/backend/src/main/java/tn/esprit/backend/controller/ProjetDetailleController.java:[12,1] package lombok does not exist
[[1;31mERROR[m] /home/vagrant/DevOps-AppGestionDesProjets/backend/src/main/java/tn/esprit/backend/service/impl/EntrepriseServiceImpl.java:[12,1] package lombok does not exist
[[1;31mERROR[m] /home/vagrant/DevOps-AppGestionDesProjets/backend/src/main/java/tn/esprit/backend/service/impl/EquipeServiceImpl.java:[16,1] package lombok does not exist
[[1;31mERROR[m] /home/vagrant/DevOps-AppGestionDesProjets/backend/src/main/java/tn/esprit/backend/service/impl/ProjetDetailleServiceImpl.java:[14,1] package lombok does not exist
[[1;31mERROR[m] /home/vagrant/DevOps-AppGestionDesProjets/backend/src/main/java/tn/esprit/backend/service/impl/ProjetServiceImpl.java:[12,1] package lombok does not exist
[[1;31mERROR[m] -> [1m[Help 1][m
[[1;31mERROR[m] 
[[1;31mERROR[m] To see the full stack trace of the errors, re-run Maven with the [1m-e[m switch.
[[1;31mERROR[m] Re-run Maven using the [1m-X[m switch to enable full debug logging.
[[1;31mERROR[m] 
[[1;31mERROR[m] For more information about the errors and possible solutions, please read the following articles:
[[1;31mERROR[m] [1m[Help 1][m http://cwiki.apache.org/confluence/display/MAVEN/MojoFailureException
